cons1 bought Coffee(name='Brasil', price=7, acidity=5.09, roast_level='MEDIUM')
cons1 bought Coffee(name='Brasil', price=7, acidity=5.09, roast_level='MEDIUM')
cons1 bought Coffee(name='Brasil', price=7, acidity=5.09, roast_level='MEDIUM')
cons2 bought Tea(name='Cactus fig', price=3, type='Green')
cons8 bought Coffee(name='Ethiopia', price=10, acidity=5.09, roast_level='MEDIUM')
cons8 bought Coffee(name='Ethiopia', price=10, acidity=5.09, roast_level='MEDIUM')
cons50 bought Coffee(name='Ethiopia', price=10, acidity=5.09, roast_level='MEDIUM')
cons50 bought Coffee(name='Ethiopia', price=10, acidity=5.09, roast_level='MEDIUM')
cons16 bought Tea(name='Wild Cherry', price=4, type='Black')
cons16 bought Tea(name='Cactus fig', price=3, type='Green')
cons16 bought Tea(name='Cactus fig', price=3, type='Green')
cons16 bought Coffee(name='Ethiopia', price=10, acidity=5.09, roast_level='MEDIUM')
cons26 bought Coffee(name='Indonezia', price=1, acidity=5.05, roast_level='MEDIUM')
cons26 bought Coffee(name='Brasil', price=7, acidity=5.09, roast_level='MEDIUM')
cons26 bought Coffee(name='Brasil', price=7, acidity=5.09, roast_level='MEDIUM')
cons31 bought Coffee(name='Brasil', price=7, acidity=5.09, roast_level='MEDIUM')
cons31 bought Coffee(name='Brasil', price=7, acidity=5.09, roast_level='MEDIUM')
cons23 bought Coffee(name='Indonezia', price=1, acidity=5.05, roast_level='MEDIUM')
cons28 bought Tea(name='Cactus fig', price=3, type='Green')
cons28 bought Coffee(name='Indonezia', price=1, acidity=5.05, roast_level='MEDIUM')
cons28 bought Coffee(name='Indonezia', price=1, acidity=5.05, roast_level='MEDIUM')
cons28 bought Coffee(name='Indonezia', price=1, acidity=5.05, roast_level='MEDIUM')
cons28 bought Coffee(name='Indonezia', price=1, acidity=5.05, roast_level='MEDIUM')
cons1 bought Coffee(name='Indonezia', price=1, acidity=5.05, roast_level='MEDIUM')
cons1 bought Coffee(name='Indonezia', price=1, acidity=5.05, roast_level='MEDIUM')
cons1 bought Tea(name='Cactus fig', price=3, type='Green')
cons1 bought Tea(name='Cactus fig', price=3, type='Green')
cons40 bought Coffee(name='Ethiopia', price=10, acidity=5.09, roast_level='MEDIUM')
cons40 bought Coffee(name='Ethiopia', price=10, acidity=5.09, roast_level='MEDIUM')
cons40 bought Coffee(name='Ethiopia', price=10, acidity=5.09, roast_level='MEDIUM')
cons40 bought Coffee(name='Ethiopia', price=10, acidity=5.09, roast_level='MEDIUM')
cons21 bought Tea(name='Wild Cherry', price=4, type='Black')
cons21 bought Tea(name='Wild Cherry', price=4, type='Black')
cons21 bought Tea(name='Wild Cherry', price=4, type='Black')
cons25 bought Tea(name='Wild Cherry', price=4, type='Black')
cons25 bought Tea(name='Wild Cherry', price=4, type='Black')
cons25 bought Tea(name='Wild Cherry', price=4, type='Black')
cons25 bought Tea(name='Wild Cherry', price=4, type='Black')
cons8 bought Coffee(name='Ethiopia', price=10, acidity=5.09, roast_level='MEDIUM')
cons8 bought Tea(name='Wild Cherry', price=4, type='Black')
cons8 bought Tea(name='Wild Cherry', price=4, type='Black')
cons8 bought Tea(name='Wild Cherry', price=4, type='Black')
cons8 bought Tea(name='Cactus fig', price=3, type='Green')
cons11 bought Coffee(name='Indonezia', price=1, acidity=5.05, roast_level='MEDIUM')
cons11 bought Coffee(name='Indonezia', price=1, acidity=5.05, roast_level='MEDIUM')
cons11 bought Coffee(name='Indonezia', price=1, acidity=5.05, roast_level='MEDIUM')
cons11 bought Coffee(name='Indonezia', price=1, acidity=5.05, roast_level='MEDIUM')
cons20 bought Coffee(name='Indonezia', price=1, acidity=5.05, roast_level='MEDIUM')
cons20 bought Coffee(name='Ethiopia', price=10, acidity=5.09, roast_level='MEDIUM')
cons20 bought Coffee(name='Ethiopia', price=10, acidity=5.09, roast_level='MEDIUM')
cons20 bought Coffee(name='Ethiopia', price=10, acidity=5.09, roast_level='MEDIUM')
cons20 bought Coffee(name='Ethiopia', price=10, acidity=5.09, roast_level='MEDIUM')
cons20 bought Coffee(name='Ethiopia', price=10, acidity=5.09, roast_level='MEDIUM')
cons20 bought Coffee(name='Brasil', price=7, acidity=5.09, roast_level='MEDIUM')
cons20 bought Coffee(name='Brasil', price=7, acidity=5.09, roast_level='MEDIUM')
cons16 bought Coffee(name='Brasil', price=7, acidity=5.09, roast_level='MEDIUM')
cons16 bought Coffee(name='Brasil', price=7, acidity=5.09, roast_level='MEDIUM')
cons16 bought Coffee(name='Brasil', price=7, acidity=5.09, roast_level='MEDIUM')
cons16 bought Coffee(name='Brasil', price=7, acidity=5.09, roast_level='MEDIUM')
cons16 bought Coffee(name='Brasil', price=7, acidity=5.09, roast_level='MEDIUM')
cons16 bought Tea(name='Wild Cherry', price=4, type='Black')
cons22 bought Tea(name='Cactus fig', price=3, type='Green')
cons22 bought Tea(name='Cactus fig', price=3, type='Green')
cons21 bought Tea(name='Cactus fig', price=3, type='Green')
cons28 bought Coffee(name='Indonezia', price=1, acidity=5.05, roast_level='MEDIUM')
cons28 bought Coffee(name='Indonezia', price=1, acidity=5.05, roast_level='MEDIUM')
cons28 bought Coffee(name='Indonezia', price=1, acidity=5.05, roast_level='MEDIUM')
cons28 bought Tea(name='Cactus fig', price=3, type='Green')
cons28 bought Tea(name='Cactus fig', price=3, type='Green')
cons28 bought Tea(name='Cactus fig', price=3, type='Green')
cons11 bought Coffee(name='Ethiopia', price=10, acidity=5.09, roast_level='MEDIUM')
cons11 bought Coffee(name='Brasil', price=7, acidity=5.09, roast_level='MEDIUM')
cons11 bought Coffee(name='Brasil', price=7, acidity=5.09, roast_level='MEDIUM')
cons28 bought Coffee(name='Ethiopia', price=10, acidity=5.09, roast_level='MEDIUM')
cons28 bought Coffee(name='Ethiopia', price=10, acidity=5.09, roast_level='MEDIUM')
cons48 bought Coffee(name='Indonezia', price=1, acidity=5.05, roast_level='MEDIUM')
cons48 bought Coffee(name='Brasil', price=7, acidity=5.09, roast_level='MEDIUM')
cons48 bought Coffee(name='Brasil', price=7, acidity=5.09, roast_level='MEDIUM')
cons12 bought Tea(name='Cactus fig', price=3, type='Green')
cons7 bought Coffee(name='Indonezia', price=1, acidity=5.05, roast_level='MEDIUM')
cons7 bought Coffee(name='Ethiopia', price=10, acidity=5.09, roast_level='MEDIUM')
cons7 bought Coffee(name='Ethiopia', price=10, acidity=5.09, roast_level='MEDIUM')
cons7 bought Coffee(name='Ethiopia', price=10, acidity=5.09, roast_level='MEDIUM')
cons7 bought Coffee(name='Brasil', price=7, acidity=5.09, roast_level='MEDIUM')
cons30 bought Tea(name='Cactus fig', price=3, type='Green')
cons30 bought Tea(name='Cactus fig', price=3, type='Green')
cons30 bought Tea(name='Cactus fig', price=3, type='Green')
cons30 bought Tea(name='Wild Cherry', price=4, type='Black')
cons30 bought Tea(name='Wild Cherry', price=4, type='Black')
cons30 bought Tea(name='Wild Cherry', price=4, type='Black')
cons30 bought Coffee(name='Brasil', price=7, acidity=5.09, roast_level='MEDIUM')
cons30 bought Coffee(name='Brasil', price=7, acidity=5.09, roast_level='MEDIUM')
cons30 bought Coffee(name='Brasil', price=7, acidity=5.09, roast_level='MEDIUM')
cons30 bought Coffee(name='Brasil', price=7, acidity=5.09, roast_level='MEDIUM')
cons30 bought Coffee(name='Brasil', price=7, acidity=5.09, roast_level='MEDIUM')
cons22 bought Coffee(name='Ethiopia', price=10, acidity=5.09, roast_level='MEDIUM')
cons22 bought Coffee(name='Ethiopia', price=10, acidity=5.09, roast_level='MEDIUM')
cons22 bought Coffee(name='Ethiopia', price=10, acidity=5.09, roast_level='MEDIUM')
cons22 bought Coffee(name='Ethiopia', price=10, acidity=5.09, roast_level='MEDIUM')
cons10 bought Tea(name='Cactus fig', price=3, type='Green')
cons10 bought Tea(name='Cactus fig', price=3, type='Green')
cons10 bought Tea(name='Cactus fig', price=3, type='Green')
cons10 bought Tea(name='Cactus fig', price=3, type='Green')
cons10 bought Coffee(name='Ethiopia', price=10, acidity=5.09, roast_level='MEDIUM')
cons10 bought Coffee(name='Ethiopia', price=10, acidity=5.09, roast_level='MEDIUM')
cons10 bought Coffee(name='Ethiopia', price=10, acidity=5.09, roast_level='MEDIUM')
cons10 bought Coffee(name='Ethiopia', price=10, acidity=5.09, roast_level='MEDIUM')
cons32 bought Tea(name='Wild Cherry', price=4, type='Black')
cons32 bought Coffee(name='Indonezia', price=1, acidity=5.05, roast_level='MEDIUM')
cons36 bought Coffee(name='Ethiopia', price=10, acidity=5.09, roast_level='MEDIUM')